2026-07-28 15:28:25 | INFO | base_trainer.py | Line:74 | Model saved to C:\Users\MF\AppData\Local\Temp\tmpjjem7tnu\model.pkl
2026-07-28 15:28:25 | INFO | base_trainer.py | Line:92 | Loading model from C:\Users\MF\AppData\Local\Temp\tmpjjem7tnu\model.pkl
2026-07-28 15:28:25 | INFO | data_splitter.py | Line:35 | Starting engine-based train/validation split...
2026-07-28 15:28:25 | INFO | data_splitter.py | Line:67 | Train Engines: 8 | Validation Engines: 2
2026-07-28 15:28:25 | INFO | data_splitter.py | Line:72 | Data splitting completed successfully.
2026-07-28 15:28:25 | INFO | data_splitter.py | Line:35 | Starting engine-based train/validation split...
2026-07-28 15:28:25 | ERROR | custom_exception.py | Line:31 | Error occurred in script: [N/A] at line [N/A] with message: [Input DataFrame is empty.]
2026-07-28 15:28:25 | INFO | data_splitter.py | Line:35 | Starting engine-based train/validation split...
2026-07-28 15:28:25 | ERROR | custom_exception.py | Line:31 | Error occurred in script: [N/A] at line [N/A] with message: [test_size must be between 0 and 1.]
2026-07-28 15:28:25 | INFO | data_splitter.py | Line:35 | Starting engine-based train/validation split...
2026-07-28 15:28:25 | ERROR | custom_exception.py | Line:31 | Error occurred in script: [N/A] at line [N/A] with message: ['unit_number' column not found.]
2026-07-28 15:28:25 | INFO | data_splitter.py | Line:35 | Starting engine-based train/validation split...
2026-07-28 15:28:25 | INFO | data_splitter.py | Line:67 | Train Engines: 8 | Validation Engines: 2
2026-07-28 15:28:25 | INFO | data_splitter.py | Line:72 | Data splitting completed successfully.
2026-07-28 15:28:25 | INFO | data_splitter.py | Line:35 | Starting engine-based train/validation split...
2026-07-28 15:28:25 | INFO | data_splitter.py | Line:67 | Train Engines: 8 | Validation Engines: 2
2026-07-28 15:28:25 | INFO | data_splitter.py | Line:72 | Data splitting completed successfully.
2026-07-28 15:28:25 | INFO | evaluator.py | Line:47 | Starting regression evaluation...
2026-07-28 15:28:25 | ERROR | custom_exception.py | Line:31 | Error occurred in script: [N/A] at line [N/A] with message: [Ground truth array is empty.]
2026-07-28 15:28:25 | INFO | evaluator.py | Line:47 | Starting regression evaluation...
2026-07-28 15:28:25 | ERROR | custom_exception.py | Line:31 | Error occurred in script: [N/A] at line [N/A] with message: [y_true and y_pred must have the same length.]
2026-07-28 15:28:25 | INFO | evaluator.py | Line:47 | Starting regression evaluation...
2026-07-28 15:28:25 | ERROR | custom_exception.py | Line:31 | Error occurred in script: [N/A] at line [N/A] with message: [Inputs cannot be None.]
2026-07-28 15:28:25 | INFO | evaluator.py | Line:47 | Starting regression evaluation...
2026-07-28 15:28:25 | INFO | evaluator.py | Line:80 | Evaluation completed successfully.
2026-07-28 15:28:25 | INFO | evaluator.py | Line:47 | Starting regression evaluation...
2026-07-28 15:28:25 | INFO | evaluator.py | Line:80 | Evaluation completed successfully.
2026-07-28 15:28:25 | INFO | evaluator.py | Line:47 | Starting regression evaluation...
2026-07-28 15:28:25 | INFO | evaluator.py | Line:80 | Evaluation completed successfully.
2026-07-28 15:28:25 | INFO | feature_engineer.py | Line:50 | Starting Feature Engineering...
2026-07-28 15:28:25 | INFO | feature_engineer.py | Line:119 | Generating Rolling Mean features...
2026-07-28 15:28:25 | INFO | feature_engineer.py | Line:148 | Generating Rolling Std features...
2026-07-28 15:28:25 | INFO | feature_engineer.py | Line:179 | Generating Lag Features...
2026-07-28 15:28:25 | INFO | feature_engineer.py | Line:205 | Generating Rate of Change features...
2026-07-28 15:28:25 | INFO | feature_engineer.py | Line:61 | Feature Engineering completed successfully.
2026-07-28 15:28:25 | INFO | feature_engineer.py | Line:50 | Starting Feature Engineering...
2026-07-28 15:28:25 | ERROR | custom_exception.py | Line:31 | Error occurred in script: [N/A] at line [N/A] with message: [Input DataFrame is empty.]
2026-07-28 15:28:25 | INFO | feature_engineer.py | Line:50 | Starting Feature Engineering...
2026-07-28 15:28:25 | INFO | feature_engineer.py | Line:119 | Generating Rolling Mean features...
2026-07-28 15:28:25 | INFO | feature_engineer.py | Line:148 | Generating Rolling Std features...
2026-07-28 15:28:25 | INFO | feature_engineer.py | Line:179 | Generating Lag Features...
2026-07-28 15:28:25 | INFO | feature_engineer.py | Line:205 | Generating Rate of Change features...
2026-07-28 15:28:25 | INFO | feature_engineer.py | Line:61 | Feature Engineering completed successfully.
2026-07-28 15:28:25 | INFO | feature_engineer.py | Line:50 | Starting Feature Engineering...
2026-07-28 15:28:25 | ERROR | custom_exception.py | Line:31 | Error occurred in script: [N/A] at line [N/A] with message: [Lag values must be greater than zero.]
2026-07-28 15:28:25 | INFO | feature_engineer.py | Line:50 | Starting Feature Engineering...
2026-07-28 15:28:25 | ERROR | custom_exception.py | Line:31 | Error occurred in script: [N/A] at line [N/A] with message: [Rolling window must be greater than zero.]
2026-07-28 15:28:25 | INFO | feature_engineer.py | Line:50 | Starting Feature Engineering...
2026-07-28 15:28:25 | INFO | feature_engineer.py | Line:119 | Generating Rolling Mean features...
2026-07-28 15:28:25 | INFO | feature_engineer.py | Line:148 | Generating Rolling Std features...
2026-07-28 15:28:25 | INFO | feature_engineer.py | Line:179 | Generating Lag Features...
2026-07-28 15:28:25 | INFO | feature_engineer.py | Line:205 | Generating Rate of Change features...
2026-07-28 15:28:25 | INFO | feature_engineer.py | Line:61 | Feature Engineering completed successfully.
2026-07-28 15:28:25 | INFO | feature_engineer.py | Line:50 | Starting Feature Engineering...
2026-07-28 15:28:25 | ERROR | custom_exception.py | Line:31 | Error occurred in script: [N/A] at line [N/A] with message: [Group column 'engine' not found.]
2026-07-28 15:28:25 | INFO | feature_engineer.py | Line:50 | Starting Feature Engineering...
2026-07-28 15:28:25 | ERROR | custom_exception.py | Line:31 | Error occurred in script: [N/A] at line [N/A] with message: [Missing sensor columns: ['sensor_100']]
2026-07-28 15:28:25 | INFO | feature_engineer.py | Line:50 | Starting Feature Engineering...
2026-07-28 15:28:25 | INFO | feature_engineer.py | Line:119 | Generating Rolling Mean features...
2026-07-28 15:28:25 | INFO | feature_engineer.py | Line:148 | Generating Rolling Std features...
2026-07-28 15:28:25 | INFO | feature_engineer.py | Line:179 | Generating Lag Features...
2026-07-28 15:28:25 | INFO | feature_engineer.py | Line:205 | Generating Rate of Change features...
2026-07-28 15:28:25 | INFO | feature_engineer.py | Line:61 | Feature Engineering completed successfully.
2026-07-28 15:28:25 | INFO | feature_engineer.py | Line:50 | Starting Feature Engineering...
2026-07-28 15:28:25 | INFO | feature_engineer.py | Line:119 | Generating Rolling Mean features...
2026-07-28 15:28:25 | INFO | feature_engineer.py | Line:148 | Generating Rolling Std features...
2026-07-28 15:28:25 | INFO | feature_engineer.py | Line:179 | Generating Lag Features...
2026-07-28 15:28:25 | INFO | feature_engineer.py | Line:205 | Generating Rate of Change features...
2026-07-28 15:28:25 | INFO | feature_engineer.py | Line:61 | Feature Engineering completed successfully.
2026-07-28 15:28:25 | INFO | feature_engineer.py | Line:50 | Starting Feature Engineering...
2026-07-28 15:28:25 | INFO | feature_engineer.py | Line:119 | Generating Rolling Mean features...
2026-07-28 15:28:25 | INFO | feature_engineer.py | Line:148 | Generating Rolling Std features...
2026-07-28 15:28:25 | INFO | feature_engineer.py | Line:179 | Generating Lag Features...
2026-07-28 15:28:25 | INFO | feature_engineer.py | Line:205 | Generating Rate of Change features...
2026-07-28 15:28:25 | INFO | feature_engineer.py | Line:61 | Feature Engineering completed successfully.
2026-07-28 15:28:25 | INFO | feature_scaler.py | Line:33 | Fitting Feature Scaler...
2026-07-28 15:28:25 | ERROR | custom_exception.py | Line:31 | Error occurred in script: [N/A] at line [N/A] with message: [Input DataFrame is empty.]
2026-07-28 15:28:25 | INFO | feature_scaler.py | Line:33 | Fitting Feature Scaler...
2026-07-28 15:28:25 | INFO | feature_scaler.py | Line:37 | Feature Scaler fitted successfully.
2026-07-28 15:28:25 | INFO | feature_scaler.py | Line:44 | Transforming features...
2026-07-28 15:28:25 | INFO | feature_scaler.py | Line:60 | Feature transformation completed.
2026-07-28 15:28:25 | INFO | feature_scaler.py | Line:33 | Fitting Feature Scaler...
2026-07-28 15:28:25 | INFO | feature_scaler.py | Line:37 | Feature Scaler fitted successfully.
2026-07-28 15:28:25 | INFO | feature_scaler.py | Line:89 | Scaler saved to C:\Users\MF\AppData\Local\Temp\tmpm5sprody\scaler.pkl
2026-07-28 15:28:25 | INFO | feature_scaler.py | Line:44 | Transforming features...
2026-07-28 15:28:25 | ERROR | custom_exception.py | Line:31 | Error occurred in script: [N/A] at line [N/A] with message: [Scaler has not been fitted.]
2026-07-28 15:28:25 | INFO | feature_scaler.py | Line:33 | Fitting Feature Scaler...
2026-07-28 15:28:25 | INFO | feature_scaler.py | Line:37 | Feature Scaler fitted successfully.
2026-07-28 15:28:25 | INFO | feature_scaler.py | Line:44 | Transforming features...
2026-07-28 15:28:25 | INFO | feature_scaler.py | Line:60 | Feature transformation completed.
2026-07-28 15:28:25 | INFO | feature_scaler.py | Line:33 | Fitting Feature Scaler...
2026-07-28 15:28:25 | INFO | feature_scaler.py | Line:37 | Feature Scaler fitted successfully.
2026-07-28 15:28:25 | INFO | feature_scaler.py | Line:44 | Transforming features...
2026-07-28 15:28:25 | INFO | feature_scaler.py | Line:60 | Feature transformation completed.
2026-07-28 15:28:25 | INFO | preparation_pipeline.py | Line:37 | Starting Data Preparation Pipeline...
2026-07-28 15:28:25 | INFO | data_splitter.py | Line:35 | Starting engine-based train/validation split...
2026-07-28 15:28:25 | INFO | data_splitter.py | Line:67 | Train Engines: 8 | Validation Engines: 2
2026-07-28 15:28:25 | INFO | data_splitter.py | Line:72 | Data splitting completed successfully.
2026-07-28 15:28:25 | INFO | feature_selector.py | Line:29 | Starting Feature Selection...
2026-07-28 15:28:25 | INFO | feature_selector.py | Line:40 | Feature Selection completed successfully.
2026-07-28 15:28:25 | INFO | feature_selector.py | Line:29 | Starting Feature Selection...
2026-07-28 15:28:25 | INFO | feature_selector.py | Line:40 | Feature Selection completed successfully.
2026-07-28 15:28:25 | INFO | feature_scaler.py | Line:33 | Fitting Feature Scaler...
2026-07-28 15:28:25 | INFO | feature_scaler.py | Line:37 | Feature Scaler fitted successfully.
2026-07-28 15:28:25 | INFO | feature_scaler.py | Line:44 | Transforming features...
2026-07-28 15:28:25 | INFO | feature_scaler.py | Line:60 | Feature transformation completed.
2026-07-28 15:28:25 | INFO | feature_scaler.py | Line:44 | Transforming features...
2026-07-28 15:28:25 | INFO | feature_scaler.py | Line:60 | Feature transformation completed.
2026-07-28 15:28:25 | INFO | preparation_pipeline.py | Line:45 | Data Preparation completed successfully.
2026-07-28 15:28:25 | INFO | preparation_pipeline.py | Line:37 | Starting Data Preparation Pipeline...
2026-07-28 15:28:25 | INFO | data_splitter.py | Line:35 | Starting engine-based train/validation split...
2026-07-28 15:28:25 | INFO | data_splitter.py | Line:67 | Train Engines: 8 | Validation Engines: 2
2026-07-28 15:28:25 | INFO | data_splitter.py | Line:72 | Data splitting completed successfully.
2026-07-28 15:28:25 | INFO | feature_selector.py | Line:29 | Starting Feature Selection...
2026-07-28 15:28:25 | INFO | feature_selector.py | Line:40 | Feature Selection completed successfully.
2026-07-28 15:28:25 | INFO | feature_selector.py | Line:29 | Starting Feature Selection...
2026-07-28 15:28:25 | INFO | feature_selector.py | Line:40 | Feature Selection completed successfully.
2026-07-28 15:28:25 | INFO | feature_scaler.py | Line:33 | Fitting Feature Scaler...
2026-07-28 15:28:25 | INFO | feature_scaler.py | Line:37 | Feature Scaler fitted successfully.
2026-07-28 15:28:25 | INFO | feature_scaler.py | Line:44 | Transforming features...
2026-07-28 15:28:25 | INFO | feature_scaler.py | Line:60 | Feature transformation completed.
2026-07-28 15:28:25 | INFO | feature_scaler.py | Line:44 | Transforming features...
2026-07-28 15:28:25 | INFO | feature_scaler.py | Line:60 | Feature transformation completed.
2026-07-28 15:28:25 | INFO | preparation_pipeline.py | Line:45 | Data Preparation completed successfully.
2026-07-28 15:28:25 | INFO | preparation_pipeline.py | Line:37 | Starting Data Preparation Pipeline...
2026-07-28 15:28:25 | INFO | data_splitter.py | Line:35 | Starting engine-based train/validation split...
2026-07-28 15:28:25 | INFO | data_splitter.py | Line:67 | Train Engines: 8 | Validation Engines: 2
2026-07-28 15:28:25 | INFO | data_splitter.py | Line:72 | Data splitting completed successfully.
2026-07-28 15:28:25 | INFO | feature_selector.py | Line:29 | Starting Feature Selection...
2026-07-28 15:28:25 | INFO | feature_selector.py | Line:40 | Feature Selection completed successfully.
2026-07-28 15:28:25 | INFO | feature_selector.py | Line:29 | Starting Feature Selection...
2026-07-28 15:28:25 | INFO | feature_selector.py | Line:40 | Feature Selection completed successfully.
2026-07-28 15:28:25 | INFO | feature_scaler.py | Line:33 | Fitting Feature Scaler...
2026-07-28 15:28:25 | INFO | feature_scaler.py | Line:37 | Feature Scaler fitted successfully.
2026-07-28 15:28:25 | INFO | feature_scaler.py | Line:44 | Transforming features...
2026-07-28 15:28:25 | INFO | feature_scaler.py | Line:60 | Feature transformation completed.
2026-07-28 15:28:25 | INFO | feature_scaler.py | Line:44 | Transforming features...
2026-07-28 15:28:25 | INFO | feature_scaler.py | Line:60 | Feature transformation completed.
2026-07-28 15:28:25 | INFO | preparation_pipeline.py | Line:45 | Data Preparation completed successfully.
2026-07-28 15:28:25 | INFO | preparation_pipeline.py | Line:37 | Starting Data Preparation Pipeline...
2026-07-28 15:28:25 | INFO | data_splitter.py | Line:35 | Starting engine-based train/validation split...
2026-07-28 15:28:25 | INFO | data_splitter.py | Line:67 | Train Engines: 8 | Validation Engines: 2
2026-07-28 15:28:25 | INFO | data_splitter.py | Line:72 | Data splitting completed successfully.
2026-07-28 15:28:25 | INFO | feature_selector.py | Line:29 | Starting Feature Selection...
2026-07-28 15:28:25 | INFO | feature_selector.py | Line:40 | Feature Selection completed successfully.
2026-07-28 15:28:25 | INFO | feature_selector.py | Line:29 | Starting Feature Selection...
2026-07-28 15:28:25 | INFO | feature_selector.py | Line:40 | Feature Selection completed successfully.
2026-07-28 15:28:25 | INFO | feature_scaler.py | Line:33 | Fitting Feature Scaler...
2026-07-28 15:28:25 | INFO | feature_scaler.py | Line:37 | Feature Scaler fitted successfully.
2026-07-28 15:28:25 | INFO | feature_scaler.py | Line:44 | Transforming features...
2026-07-28 15:28:25 | INFO | feature_scaler.py | Line:60 | Feature transformation completed.
2026-07-28 15:28:25 | INFO | feature_scaler.py | Line:44 | Transforming features...
2026-07-28 15:28:25 | INFO | feature_scaler.py | Line:60 | Feature transformation completed.
2026-07-28 15:28:25 | INFO | preparation_pipeline.py | Line:45 | Data Preparation completed successfully.
2026-07-28 15:28:25 | INFO | random_forest_trainer.py | Line:44 | Training Random Forest...
2026-07-28 15:28:26 | INFO | random_forest_trainer.py | Line:51 | Random Forest training completed.
2026-07-28 15:28:26 | INFO | random_forest_trainer.py | Line:58 | Generating predictions...
2026-07-28 15:28:26 | INFO | random_forest_trainer.py | Line:44 | Training Random Forest...
2026-07-28 15:28:26 | INFO | random_forest_trainer.py | Line:51 | Random Forest training completed.
