2026-08-08 22:56:25 | INFO | experiment_runner.py | Line:61 | Running experiment 'Baseline' with 151 features...
2026-08-08 22:56:25 | INFO | base_trainer.py | Line:24 | Training CatBoostRegressor...
2026-08-08 22:57:00 | INFO | base_trainer.py | Line:30 | Training completed successfully.
2026-08-08 22:57:00 | INFO | base_trainer.py | Line:37 | Generating predictions using CatBoostRegressor...
2026-08-08 22:57:00 | INFO | evaluator.py | Line:47 | Starting regression evaluation...
2026-08-08 22:57:00 | INFO | evaluator.py | Line:80 | Evaluation completed successfully.
2026-08-08 22:57:00 | INFO | experiment_runner.py | Line:91 | Baseline | Features=151 | MAE=12.8982 | RMSE=19.1103 | R2=0.7814 | Time=34.47s
2026-08-08 22:57:06 | INFO | feature_importance.py | Line:16 | Computing feature importance...
2026-08-08 22:57:06 | INFO | feature_importance.py | Line:40 | Feature importance computed successfully.
2026-08-08 22:57:27 | INFO | feature_reducer.py | Line:101 | FeatureReducer: kept 131 features, removed 20.
2026-08-08 22:57:27 | INFO | experiment_runner.py | Line:61 | Running experiment 'Remove Zero Importance' with 131 features...
2026-08-08 22:57:27 | INFO | base_trainer.py | Line:24 | Training CatBoostRegressor...
2026-08-08 22:58:03 | INFO | base_trainer.py | Line:30 | Training completed successfully.
2026-08-08 22:58:03 | INFO | base_trainer.py | Line:37 | Generating predictions using CatBoostRegressor...
2026-08-08 22:58:03 | INFO | evaluator.py | Line:47 | Starting regression evaluation...
2026-08-08 22:58:03 | INFO | evaluator.py | Line:80 | Evaluation completed successfully.
2026-08-08 22:58:03 | INFO | experiment_runner.py | Line:91 | Remove Zero Importance | Features=131 | MAE=12.8924 | RMSE=19.1314 | R2=0.7809 | Time=36.0s
2026-08-08 22:58:08 | INFO | feature_reducer.py | Line:101 | FeatureReducer: kept 131 features, removed 20.
2026-08-08 22:58:08 | INFO | experiment_runner.py | Line:61 | Running experiment 'Threshold 0.001' with 131 features...
2026-08-08 22:58:08 | INFO | base_trainer.py | Line:24 | Training CatBoostRegressor...
2026-08-08 22:58:42 | INFO | base_trainer.py | Line:30 | Training completed successfully.
2026-08-08 22:58:42 | INFO | base_trainer.py | Line:37 | Generating predictions using CatBoostRegressor...
2026-08-08 22:58:42 | INFO | evaluator.py | Line:47 | Starting regression evaluation...
2026-08-08 22:58:42 | INFO | evaluator.py | Line:80 | Evaluation completed successfully.
2026-08-08 22:58:42 | INFO | experiment_runner.py | Line:91 | Threshold 0.001 | Features=131 | MAE=12.8924 | RMSE=19.1314 | R2=0.7809 | Time=34.59s
2026-08-08 22:58:56 | INFO | feature_reducer.py | Line:101 | FeatureReducer: kept 136 features, removed 15.
2026-08-08 22:58:56 | INFO | experiment_runner.py | Line:61 | Running experiment 'Remove Lowest 10%' with 136 features...
2026-08-08 22:58:56 | INFO | base_trainer.py | Line:24 | Training CatBoostRegressor...
2026-08-08 22:59:36 | INFO | base_trainer.py | Line:30 | Training completed successfully.
2026-08-08 22:59:36 | INFO | base_trainer.py | Line:37 | Generating predictions using CatBoostRegressor...
2026-08-08 22:59:36 | INFO | evaluator.py | Line:47 | Starting regression evaluation...
2026-08-08 22:59:36 | INFO | evaluator.py | Line:80 | Evaluation completed successfully.
2026-08-08 22:59:36 | INFO | experiment_runner.py | Line:91 | Remove Lowest 10% | Features=136 | MAE=12.9195 | RMSE=19.1503 | R2=0.7805 | Time=39.45s
2026-08-08 22:59:46 | INFO | feature_reducer.py | Line:101 | FeatureReducer: kept 121 features, removed 30.
2026-08-08 22:59:46 | INFO | experiment_runner.py | Line:61 | Running experiment 'Remove Lowest 20%' with 121 features...
2026-08-08 22:59:46 | INFO | base_trainer.py | Line:24 | Training CatBoostRegressor...
2026-08-08 23:00:26 | INFO | base_trainer.py | Line:30 | Training completed successfully.
2026-08-08 23:00:26 | INFO | base_trainer.py | Line:37 | Generating predictions using CatBoostRegressor...
2026-08-08 23:00:26 | INFO | evaluator.py | Line:47 | Starting regression evaluation...
2026-08-08 23:00:26 | INFO | evaluator.py | Line:80 | Evaluation completed successfully.
2026-08-08 23:00:26 | INFO | experiment_runner.py | Line:91 | Remove Lowest 20% | Features=121 | MAE=12.8891 | RMSE=19.1402 | R2=0.7807 | Time=40.49s
2026-08-08 23:00:29 | INFO | feature_selector.py | Line:114 | FeatureCategorySelector.exclude(['time']): dropped 1, kept 150 features.
2026-08-08 23:00:29 | INFO | experiment_runner.py | Line:61 | Running experiment 'No time_in_cycles' with 150 features...
2026-08-08 23:00:29 | INFO | base_trainer.py | Line:24 | Training CatBoostRegressor...
2026-08-08 23:01:10 | INFO | base_trainer.py | Line:30 | Training completed successfully.
2026-08-08 23:01:10 | INFO | base_trainer.py | Line:37 | Generating predictions using CatBoostRegressor...
2026-08-08 23:01:10 | INFO | evaluator.py | Line:47 | Starting regression evaluation...
2026-08-08 23:01:10 | INFO | evaluator.py | Line:80 | Evaluation completed successfully.
2026-08-08 23:01:10 | INFO | experiment_runner.py | Line:91 | No time_in_cycles | Features=150 | MAE=13.7145 | RMSE=19.3276 | R2=0.7764 | Time=40.88s
2026-08-08 23:01:15 | INFO | feature_selector.py | Line:114 | FeatureCategorySelector.exclude(['diff']): dropped 21, kept 130 features.
2026-08-08 23:01:15 | INFO | experiment_runner.py | Line:61 | Running experiment 'Remove Diff Features' with 130 features...
2026-08-08 23:01:15 | INFO | base_trainer.py | Line:24 | Training CatBoostRegressor...
2026-08-08 23:01:49 | INFO | base_trainer.py | Line:30 | Training completed successfully.
2026-08-08 23:01:49 | INFO | base_trainer.py | Line:37 | Generating predictions using CatBoostRegressor...
2026-08-08 23:01:49 | INFO | evaluator.py | Line:47 | Starting regression evaluation...
2026-08-08 23:01:49 | INFO | evaluator.py | Line:80 | Evaluation completed successfully.
2026-08-08 23:01:49 | INFO | experiment_runner.py | Line:91 | Remove Diff Features | Features=130 | MAE=12.8959 | RMSE=19.1285 | R2=0.7810 | Time=33.82s
2026-08-08 23:09:04 | INFO | feature_selector.py | Line:114 | FeatureCategorySelector.exclude(['rolling']): dropped 42, kept 109 features.
2026-08-08 23:09:04 | INFO | experiment_runner.py | Line:61 | Running experiment 'Remove Rolling Features' with 109 features...
2026-08-08 23:09:04 | INFO | base_trainer.py | Line:24 | Training CatBoostRegressor...
2026-08-08 23:09:24 | INFO | base_trainer.py | Line:30 | Training completed successfully.
2026-08-08 23:09:24 | INFO | base_trainer.py | Line:37 | Generating predictions using CatBoostRegressor...
2026-08-08 23:09:24 | INFO | evaluator.py | Line:47 | Starting regression evaluation...
2026-08-08 23:09:24 | INFO | evaluator.py | Line:80 | Evaluation completed successfully.
2026-08-08 23:09:24 | INFO | experiment_runner.py | Line:91 | Remove Rolling Features | Features=109 | MAE=12.8489 | RMSE=19.0930 | R2=0.7818 | Time=20.11s
2026-08-08 23:09:28 | INFO | feature_selector.py | Line:89 | FeatureCategorySelector.only(['raw', 'lag']): kept 87 of 151 features.
2026-08-08 23:09:28 | INFO | experiment_runner.py | Line:61 | Running experiment 'Raw + Lag Only' with 87 features...
2026-08-08 23:09:28 | INFO | base_trainer.py | Line:24 | Training CatBoostRegressor...
2026-08-08 23:09:46 | INFO | base_trainer.py | Line:30 | Training completed successfully.
2026-08-08 23:09:46 | INFO | base_trainer.py | Line:37 | Generating predictions using CatBoostRegressor...
2026-08-08 23:09:46 | INFO | evaluator.py | Line:47 | Starting regression evaluation...
2026-08-08 23:09:46 | INFO | evaluator.py | Line:80 | Evaluation completed successfully.
2026-08-08 23:09:46 | INFO | experiment_runner.py | Line:91 | Raw + Lag Only | Features=87 | MAE=13.7009 | RMSE=19.2828 | R2=0.7775 | Time=18.46s
2026-08-08 23:11:26 | INFO | feature_reducer.py | Line:101 | FeatureReducer: kept 109 features, removed 42.
2026-08-08 23:11:26 | INFO | feature_reducer.py | Line:154 | Selected feature list saved to A:\AI_Engineer\ML Projects\Predictive-Maintenance-RUL\artifacts\models\selected_features.json
2026-08-08 23:11:28 | INFO | experiment_tracker.py | Line:48 | Experiment directory created at A:\AI_Engineer\ML Projects\Predictive-Maintenance-RUL\artifacts\experiments\2026-08-08_23-11-28
2026-08-08 23:11:28 | INFO | experiment_tracker.py | Line:67 | Benchmark results saved.
2026-08-08 23:11:28 | INFO | base_trainer.py | Line:59 | Model saved to A:\AI_Engineer\ML Projects\Predictive-Maintenance-RUL\artifacts\experiments\2026-08-08_23-11-28\best_model.pkl
2026-08-08 23:11:28 | INFO | experiment_tracker.py | Line:124 | Best model saved.
